This is XeTeX, Version 3.141592653-2.6-0.999996 (TeX Live 2025/dev/Debian) (preloaded format=xelatex 2026.7.14)  14 JUL 2026 15:54
entering extended mode
 restricted \write18 enabled.
 %&-line parsing enabled.
**keys.sty
(./keys.sty
LaTeX2e <2024-11-01> patch level 2
L3 programming layer <2025-01-18>
\U=\skip49
! Undefined control sequence.
l.9 \definecolor
                {basered}{RGB}{\inteval{12*16+12},\inteval{12*16+12},\inteva...

? 
! Emergency stop.
l.9 
    
End of file on the terminal!

 
Here is how much of TeX's memory you used:
 14 strings out of 475852
 250 string characters out of 5775423
 381006 words of memory out of 5000000
 23043 multiletter control sequences out of 15000+600000
 558837 words of font info for 36 fonts, out of 8000000 for 9000
 14 hyphenation exceptions out of 8191
 11i,0n,13p,314b,8s stack positions out of 10000i,1000n,20000p,200000b,200000s
No pages of output.
